; name=DEBUG3
; world=overworld
GGGGGGGGGGGGGGGGGGGGGGGGGGGGGGGG
GGGGGGGGGGGGGGGGGGGGGGGGGGGGGGGG
......M.....pq....0...pq........
....T.......pq........pq....T...
............PQ........pq........
......................PQ........
................................
................................
................................
........C.................C.....
................................
................................
................................
........................C.......
......O.........................
................................
; pipe=col:12,enter:down,to:1:8
; area
; world=underwater
GGGGGGGGGGGGGGGGGGGGGGGGGGGGGGGG
GGGGGGGGGGGGGGGGGGGGGGGGGGGGGGGG
........pq..........pq..........
........pq..........pq..........
........PQ..........pq..........
....................PQ..........
..............C.................
................................
..............C.................
................................
................................
................................
................................
................................
................................
................................
; pipe=col:8,enter:down,to:0:12
; pipe=col:20,enter:down,to:2:16
; area
; world=overworld
GGGGGGGGGGGGGGGGGGGGGGGGGGGGGGGG
GGGGGGGGGGGGGGGGGGGGGGGGGGGGGGGG
...pq.....M.........0...........
...pq........T..............T...
...PQ...........................
................................
................................
................................
................................
........C.................C.....
................................
................................
................................
......O.................O.......
................................
................................
