; name=DEBUG3
; world=overworld
GGGGGGGGGGGGGGGGGGGGGGGGGGGGGGGG
GGGGGGGGGGGGGGGGGGGGGGGGGGGGGGGG
......M.....p.....E...p.........
....T.......p.........p.....T...
............P.........p.........
......................P.........
................................
................................
................................
........C.................C.....
................................
................................
................................
........................C.......
......O.........................
................................
; pipe=col:12,enter:down,to:1:8
; area
; world=underwater
GGGGGGGGGGGGGGGGGGGGGGGGGGGGGGGG
GGGGGGGGGGGGGGGGGGGGGGGGGGGGGGGG
........p...........p...........
........p...........p...........
........P...........p...........
....................P...........
..............C.................
................................
..............C.................
................................
................................
................................
................................
................................
................................
................................
; pipe=col:8,enter:down,to:0:12
; pipe=col:20,enter:down,to:2:16
; area
; world=overworld
GGGGGGGGGGGGGGGGGGGGGGGGGGGGGGGG
GGGGGGGGGGGGGGGGGGGGGGGGGGGGGGGG
..........M....p....E...........
....T..........p............T...
...............P................
................................
................................
................................
................................
........C.................C.....
................................
................................
................................
......O.........................
................................
................................
