; name=DEBUG2
; world=underwater
; next=assets/maps/debug3.map
GGGGGGGGGGGGGGGGGGGGGGGGGGGGGGGGGGGGGGGGGGGGGGGGGGGGGGGGGGGGGGGG
GGGGGGGGGGGGGGGGGGGGGGGGGGGGGGGGGGGGGGGGGGGGGGGGGGGGGGGGGGGGGGGG
......................E...........K..................GG.........
.....................................................GG.........
.........................................#####.......GG.........
.......#C#C#...............................K.........GG.........
........K...........CCCCCC...........................GG.........
.......................K...............GG............GG.........
.......................................GG.......................
........................CCCCCC.........GG.......................
............................K..........GG.......................
.......................................GG......########.........
...M...................................GG.......................
.......................................GG.......................
.......................................GG.......................
GGGGGGGGGGGGGGGGGGGGGGGGGGGGGGGGGGGGGGGGGGGGGGGGGGGGGGGGGGGGGGGG
