##########################################......################
##########################################......################
................................................................
................................................................
.....CCCC........XXXXXX...................XXXXXX................
................................................................
................................................................
.............................XXXXXX.............................
................................................................
................................................................
.................CCCCCC.........................................
................................................................
................................................................
................................................................
................................................................
................................................................
