; name=DEBUG2
; world=underwater
; next=assets/maps/debug3.map
GGGGGGGGGGGGGGGGGGGGGGGGGGGGGGGGGGGGGGGGGGGGGGGGGGGGGGGGGGGGGGGG
GGGGGGGGGGGGGGGGGGGGGGGGGGGGGGGGGGGGGGGGGGGGGGGGGGGGGGGGGGGGGGGG
......................E...........K.............................
................................................................
.........................................#####..................
.......#C#C#...............................K....................
........K...........CCCCCC......................................
.......................K........................................
................................................................
........................CCCCCC..................................
............................K...................................
................................................................
...M............................................................
................................................................
................................................................
GGGGGGGGGGGGGGGGGGGGGGGGGGGGGGGGGGGGGGGGGGGGGGGGGGGGGGGGGGGGGGGG
