; name=DEBUG2
; world=underwater
GGGGGGGGGGGGGGGGGGGGGGGGGGGGGGGGGGGGGGGGGGGGGGGGGGGGGGGGGGGGGGGG
GGGGGGGGGGGGGGGGGGGGGGGGGGGGGGGGGGGGGGGGGGGGGGGGGGGGGGGGGGGGGGGG
......M...............E...........K.............................
......CCCC............................................T.........
......CCCC..............................#####...................
......C.C.......................................................
....................CCCCCC......................................
.............................................O..................
................................................................
........................CCCCCC..................................
................................................................
.................O..................................O...........
................................................................
................................................................
................................................................
................................................................
