##########################################GGGGGG################
##########################################GGGGGG################
................................................................
....T.......................T...........................T.......
.....CCCC........######...................######................
............................................7...................
................................................................
.............................######.............................
................................................................
................................................................
.................CCCCCC.........................................
........................................4.......................
................................................................
................................................O...............
.......O....................O...................................
................................................................
