; name=DEBUG
; world=overworld
; next=assets/maps/debug2.map
GGGGGGGGGGGGGGGGGGGGGGGGGGGGGGGGGGGGGGGGGG......GGGGGGGGGGGGGGGG
GGGGGGGGGGGGGGGGGGGGGGGGGGGGGGGGGGGGGGGGGG......GGGGGGGGGGGGGGGG
......M.........0.1............................................E
....T.......................T..........T................T.......
...CCCCCC........######...................######................
...........................................................#####
................................................................
.............................######.............................
................................................................
................................................................
.................CCCCCC.........................................
................................................................
.......O....................O...................O.........O.....
................................................................
................................................................
................................................................
