; name=DEBUG3
; world=overworld
GGGGGGGGGGGGGGGGGGGGGGGGGGGGGGGG
GGGGGGGGGGGGGGGGGGGGGGGGGGGGGGGG
......M.....pq....0...pq.......G
....T.......pq........pq....T..G
............PQ........pq.......G
......................PQ.......G
...............................G
...............................G
...............................G
........C.................C....G
...............................G
...............................G
...............................G
........................C......G
......O........................G
...............................G
; pipe=col:12,enter:down,to:1:8
; area
; world=underwater
GGGGGGGGGGGGGGGGGGGGGGGGGGGGGGGG
GGGGGGGGGGGGGGGGGGGGGGGGGGGGGGGG
........pq.......GGGGGGGGGGGGpqG
........pq...........GGGG....pqG
........PQ...................PQG
........M......................G
..............C................G
...............................G
..............C................G
...............................G
...............................G
...............................G
...............................G
...............................G
...............................G
GGGGGGGGGGGGGGGGGGGGGGGGGGGGGGGG
; pipe=col:8,enter:down,to:0:12
; pipe=col:20,enter:down,to:2:16
; area
; world=overworld
GGGGGGGGGGGGGGGGGGGGGGGGGGGGGGGG
GGGGGGGGGGGGGGGGGGGGGGGGGGGGGGGG
...pq...............0...........
...pq........T..............T...
...PQ...........................
...M............................
................................
................................
................................
........C.................C.....
................................
................................
................................
......O.................O.......
................................
................................
