; name=FEAT 1-1
; world=overworld
; next=assets/maps/debug.map
GGGGGGGGGGGGGGGGGGGGGGGGGGGGGGGGGGGGGGGGGGGGGGGGGGGGGGGGGGGGGGGGGGGGG..GGGGGGGGGGGGGGG...GGGGGGGGGGGGGGGGGGGGGGGGGGGGGGGGGGGGGGGGGGGGGGGGGGGGGGGGGGGGGGGG..GGGGGGGGGGGGGGGGGGGGGGGGGGGGGGGGGGGGGGGGGGGGGGGGGGGGGGGG
GGGGGGGGGGGGGGGGGGGGGGGGGGGGGGGGGGGGGGGGGGGGGGGGGGGGGGGGGGGGGGGGGGGGG..GGGGGGGGGGGGGGG...GGGGGGGGGGGGGGGGGGGGGGGGGGGGGGGGGGGGGGGGGGGGGGGGGGGGGGGGGGGGGGGG..GGGGGGGGGGGGGGGGGGGGGGGGGGGGGGGGGGGGGGGGGGGGGGGGGGGGGGGG
..M.......0........0....1...pq....2...pq.....0pq...0.0...pq.3.................4.................5......0....0...........1...........2.................3............pq...5..........pq...............7.....GG.GG...E
............................PQ........pq......pq.........pq........................................................................................................PQ..............PQ.....................GG.GG....
......................................PQ......pq.........pq...............................................................................................................................................GGGGG....
................C...BCBCB.....................PQ.........PQ..................BCB..............B.....BB....C..C..C.....B..........BB.....................................BBCB................................G......
..............................................................................0............................................................................................................................GGG.....
...................................................................................................................................................................................................................
...................................................................................................................................................................................................................
......................C.........................................................BBBBBBBB...BBBC..............C...........BBB....BCCB...............................................................................
......................................................................................0............................................................................................................................
.........O..................O............................O..................O............................O..................O............................O..................O............................O.........
....................O................O..............................O................O..............................O................O..............................O................O.............................
...................................................................................................................................................................................................................
...................................................................................................................................................................................................................
...................................................................................................................................................................................................................
