; name=FEAT 1-1
; world=overworld
GGGGGGGGGGGGGGGGGGGGGGGGGGGGGGGGGGGGGGGGGGGGGGGGGGGGGGGGGGGGGGGGGGGGG..GGGGGGGGGGGGGGG...GGGGGGGGGGGGGGGGGGGGGGGGGGGGGGGGGGGGGGGGGGGGGGGGGGGGGGGGGGGGGGGG..GGGGGGGGGGGGGGGGGGGGGGGGGGGGGGGGGGGGGGGGGGGGGGGGGGGGGGGG
GGGGGGGGGGGGGGGGGGGGGGGGGGGGGGGGGGGGGGGGGGGGGGGGGGGGGGGGGGGGGGGGGGGGG..GGGGGGGGGGGGGGG...GGGGGGGGGGGGGGGGGGGGGGGGGGGGGGGGGGGGGGGGGGGGGGGGGGGGGGGGGGGGGGGG..GGGGGGGGGGGGGGGGGGGGGGGGGGGGGGGGGGGGGGGGGGGGGGGGGGGGGGGG
..M.......0........0....1...p.....2...p......0p....0.0...p..3.................4.................5......0....0...........1...........2.................3............p....5..........p................7.....GG.GG....
............................P.........p.......p..........p.........................................................................................................P...............P......................GG.GG....
......................................P.......p..........p................................................................................................................................................GGGGG....
................C...BCBCB.....................P..........P...................BCB..............B.....BB....C..C..C.....B..........BB.....................................BBCB................................G......
..............................................................................0............................................................................................................................GGG.....
...................................................................................................................................................................................................................
...................................................................................................................................................................................................................
......................C.........................................................BBBBBBBB...BBBC..............C...........BBB....BCCB...............................................................................
......................................................................................0............................................................................................................................
.........O..................O............................O..................O............................O..................O............................O..................O............................O.........
....................O................O..............................O................O..............................O................O..............................O................O.............................
...................................................................................................................................................................................................................
...................................................................................................................................................................................................................
...................................................................................................................................................................................................................
