#####################################################################..###############...################################################################..########################################################
#####################################################################..###############...################################################################..########################################################
..........0........0........pq........pq.....0pq...0.0...pq............................................0....0......................................................pq..............pq.....................##.##....
............................PQ........pq......pq.........pq........................................................................................................PQ..............PQ.....................##.##....
......................................PQ......pq.........pq...............................................................................................................................................#####....
................C...BCBCB.....................PQ.........PQ..................BCB..............B.....BB....C..C..C.....B..........BB.....................................BBCB................................#......
..............................................................................0............................................................................................................................###.....
...................................................................................................................................................................................................................
...................................................................................................................................................................................................................
......................C.........................................................BBBBBBBB...BBBC..............C...........BBB....BCCB...............................................................................
......................................................................................0............................................................................................................................
.........O..................O............................O..................O............................O..................O............................O..................O............................O.........
....................O................O..............................O................O..............................O................O..............................O................O.............................
...................................................................................................................................................................................................................
...................................................................................................................................................................................................................
...................................................................................................................................................................................................................
