#####################################################################..###############...################################################################..########################################################
#####################################################################..###############...################################################################..########################################################
..........0........0...0....pq....1...pq0....0pq...1.....pq........................................................................................................pq..............pq.....................##.##....
............................PQ........pq......pq.........pq........................................................................................................PQ..............PQ.....................##.##....
......................................PQ......pq.........pq...............................................................................................................................................#####....
................C...#C#C#.....................PQ.........PQ..................#C#..............#.....##....C..C..C.....#..........##.....................................##C#................................#......
..............................................................................0............................................................................................................................###.....
...................................................................................................................................................................................................................
...................................................................................................................................................................................................................
......................C.........................................................########...###C..............C...........###....#CC#...............................................................................
......................................................................................0............................................................................................................................
.........O..................O............................O..................O............................O..................O............................O..................O............................O.........
....................O................O..............................O................O..............................O................O..............................O................O.............................
...................................................................................................................................................................................................................
...................................................................................................................................................................................................................
...................................................................................................................................................................................................................
