; name=WORLD 1-4
; next=assets/maps/lv2_1.map
; area
; world=castle
GGGGGGGGGGGGGxxGGGGGGGGGGGxxxGGGxxxGGGGGGGGGGGGGGGGGGGGGGGGGGGGGGGGGGGGGGGGGGGGGGGGGGGGGGGGGGGGGGGGGGGGGGGGGGGGGGGGGGGGGGGGGGGGGxxxxxxxxxxxxxGGGGGGGGGGGGGGGGGGG
GGGGGGGGGGGGGxxGGGGGGGGGGGvvvGGGvvvGGGGGGGGGGGGGGGGGGGGGGGGGGGGGGGGGGGGGGGGGGGGGGGGGGGGGGGGGGGGGGGGGGGGGGGGGGGGGGGGGGGGGGGGGGGGGvvvvvvvvvvvvvGGGGGGGGGGGGGGGGGGG
GGGGGGGGGGGGGvvGGGGGGGGGGG...GGG...GGGGGGGGGGGGGGGGGGGGGGGGGGGGGGGGGGGGGGGGGGGGGGGGGGGGGGGGGGGGGGGGGGGGG............GGGG...GGGGG.............GGG................
GGGGGGGGGGGGG..GGGGGGGGGGG...GGG...GGGGGGGGGGGGGGGGGGGGGGGGGGGGGGGGGGGGGGGGGGGGGGGGGGGGGGGGGGGGGGGGGGGGG............GGGG...GGGGG.............GGG................
GGGGGGGGGGGGG..GGGGGGGGGGG...GsG...GGGGGGGGGGGGGGGGGGGGGGGGGGGGGGGGGGGGGGGGGGGGGGGGGGGGGGGGGGGGGGGGGGGGG............GGGG...GGGGGGGGGGGGGGGGGGGGG................
GGGGG.M............................GGGGGGGGGGGGGGGGGGGGGGGGGGGGGGGGGGGGG....s.......s.......s................................................GGG................
GGGG..........................................................................................................................................E.................
GGG.............................................................................................................................................................
.......................s......C......s...........s..........s......s......................................................................==....................
.......................G.............GGGGGGGGGGGGGGGGGGGGGGGGGGGGGGGGGGG......................................................................GG................
GGGGGGGGGGGGGGGGGGGGGGGG.............GGGGGGGGGGGGGGGGGGGGGGGGGGGGGGGGGGG........s.......s........GGGGGGG...................GGGGG..............GG................
GGGGGGGGGGGGGGGGGGGGGGGG.............GGGGGGGGGGGGGGGGGGGGGGGGGGGGGGGGGGG........G.......G........GGGGGGG...................GGGGG..............GG................
GGGGGGGGGGGGGGGGGGGGGGGGGGGGGGGGGGGGGGGGGGGGGGGGGGGGGGGGGGGGGGGGGGGGGGGGGGGGGGGGGGGGGGGGGGGGGGGGGGGGGGGGGGGGGGGGGGGGGGGGGGGGGGGGGGGGGGGGGGGGGGGGGGGGGGGGGGGGGGGG
................................................................................................................................................................
................................................................................................................................................................
................................................................................................................................................................
; slider=col:138,axis:h,dist:64,speed:30
