; name=WORLD 1-1
; next=assets/maps/lv1_2.map
; area
; world=overworld
GGGGGGGGGGGGGGGGGGGGGGGGGGGGGGGGGGGGGGGGGGGGGGGGGGGGGGGGGGGGGGGGGGGGG..GGGGGGGGGGGGGGG...GGGGGGGGGGGGGGGGGGGGGGGGGGGGGGGGGGGGGGGGGGGGGGGGGGGGGGGGGGGGGGGG..GGGGGGGGGGGGGGGGGGGGGGGGGGGGGGGGGGGGGGGGGGGGGGGGGGGGGGGG
GGGGGGGGGGGGGGGGGGGGGGGGGGGGGGGGGGGGGGGGGGGGGGGGGGGGGGGGGGGGGGGGGGGGG..GGGGGGGGGGGGGGG...GGGGGGGGGGGGGGGGGGGGGGGGGGGGGGGGGGGGGGGGGGGGGGGGGGGGGGGGGGGGGGGG..GGGGGGGGGGGGGGGGGGGGGGGGGGGGGGGGGGGGGGGGGGGGGGGGGGGGGGGG
..mM.........w...m....0.w...pq........pq..w.0.pq..m0.0...pq..w...m......w.................w.......m0...0.....w...m....1.w....0..0...0.ssss..ssss.m..sssss..ssss..m.pq...w..0.0.....pqsssssssss....m...E..........m.
............................PQ........pq......pq.........pq............................................................................sss..sss......ssss..sss.....PQ..............PQ.ssssssss.....................
......................................PQ......pq.........pq.............................................................................ss..ss........sss..ss..........................sssssss............H........
................C...#C#C#.....................PQ.........PQ..................#C#..............#.....##....C..C..C.....#..........##......s..s..........ss..s............##C#............ssssss.....................
..............................................................................0..........................................................................................................sssss.............A.......
..........................................................................................................................................................................................ssss.....................
...........................................................................................................................................................................................sss.....................
......................C.........................................................########...###C..............C...........###....#CC#........................................................ss.....................
....................................................................................0..............................................................................................................................
........O..................O............................O..................O............................O..................O............................O..................O............................O..........
...................O................O..............................O................O..............................O................O..............................O................O..............................
...................................................................................................................................................................................................................
...................................................................................................................................................................................................................
...................................................................................................................................................................................................................
; pipe=col:57,enter:down,to:1:2
; area
; world=underground
GGGGGGGGGGGGGGGGGGGGGGGG
GGGGGGGGGGGGGGGGGGGGGGGG
#...#########...........
#...#########....F......
#..................pq...
#...$$$$$$$$$$.....pq...
#..................pq...
#...$$$$$$$$$$.....pq...
#..................pq...
#....$$$$$$$$$.....pq...
#..................pq...
#..................pq...
#...#############..pq...
...................pq...
...................pq...
...................pq...
; pipe=col:17,enter:right,to:0:163
