; name=4-1
; next=assets/maps/lv2_4.map
; area
; world=castle
GGGGGGGGGGGGGxxGGGGGGGGGGGxxxGGGxxxGGGGGGGGGGGGGGGGGGGGGGGGGGGGGGGGGGGGGGGGGGGGGGGGGGGGGGGGGGGGGGGGGGGGGGGGGGGGGGGGGGGGGGGGGGGGGxxxxxxxxxxxxxGGGGGGGGGGGGGGGGGGG
GGGGGGGGGGGGGxxGGGGGGGGGGGvvvGGGvvvGGGGGGGGGGGGGGGGGGGGGGGGGGGGGGGGGGGGGGGGGGGGGGGGGGGGGGGGGGGGGGGGGGGGGGGGGGGGGGGGGGGGGGGGGGGGGvvvvvvvvvvvvvGGGGGGGGGGGGGGGGGGG
GGGGGGGGGGGGGvvGGGGGGGGGGG...GGG...GGGGGGGGGGGGGGGGGGGGGGGGGGGGGGGGGGGGGGGGGGGGGGGGGGGGGGGGGGGGGGGGGGGGG...1..0.0.1.GGGG...GGGGG.............GGG.........R...E..
GGGGGGGGGGGGG..GGGGGGGGGGG...GGG...GGGGGGGGGGGGGGGGGGGGGGGGGGGGGGGGGGGGGGGGGGGGGGGGGGGGGGGGGGGGGGGGGGGGG............GGGG...GGGGG.............GGG................
GGGGGGGGGGGGG..GGGGGGGGGGG...GrG...GGGGGGGGGGGGGGGGGGGGGGGGGGGGGGGGGGGGGGGGGGGGGGGGGGGGGGGGGGGGGGGGGGGGG............GGGG...GGGGGcccccccccccccGGG................
GGGGG..............................GGGGGGGGGGGGGGGGGGGGGGGGGGGGGGGGGGGGG....r.......r.......G................................................GGG................
GGGG.......................................................................................................................................7..X.................
GGG.............................................................................................................................................................
M.............................C..................r..........r......r....................................................................==......................
.....................................GGGGGGGGGGGGGGGGGGGGGGGGGGGGGGGGGGG........................................................................................
GGGGGGGGGGGGGGGGGGGGGGGG.............GGGGGGGGGGGGGGGGGGGGGGGGGGGGGGGGGGG................r........GGGGGGG...................GGGGG..............GG................
GGGGGGGGGGGGGGGGGGGGGGGG.............GGGGGGGGGGGGGGGGGGGGGGGGGGGGGGGGGGG........G.......G........GGGGGGG...................GGGGG..............GG................
GGGGGGGGGGGGGGGGGGGGGGGGGGGGGGGGGGGGGGGGGGGGGGGGGGGGGGGGGGGGGGGGGGGGGGGGGGGGGGGGGGGGGGGGGGGGGGGGGGGGGGGGGGGGGGGGGGGGGGGGGGGGGGGGGGGGGGGGGGGGGGGGGGGGGGGGGGGGGGGG
................................................................................................................................................................
................................................................................................................................................................
................................................................................................................................................................
; slider=col:136,axis:h,dist:70,speed:30
