; name=WORLD 2-2
; next=assets/maps/lv2_4.map
; area
; world=overworld
GGGGGGGGGGGGGGGG
GGGGGGGGGGGGGGGG
......M.........
..........F.....
H...........pq..
............PQ..
.A..............
.........O......
................
................
................
...O............
................
................
................
................
; pipe=col:10,enter:right,to:1:2
; area
; world=underwater
GGGGGGGGGGGGGGGGGGGGGGGGGGGGGGGGGGGGGGGGGGGGGGGGGGGGGGGGGGGGGGGGGG.....GGGGGGGGGGGGGGGGGGGGGGGGGGGGGGGGGGGGGGGGGGGGGGGGGGGGGGGGGGGG.........GGGGGGGGGGGGGGGGG.......GGGGGGGGGGGGGGGGGGGGGGGGGGGG
GGGGGGGGGGGGGGGGGGGGGGGGGGGGGGGGGGGGGGGGGGGGGGGGGGGGGGGGGGGGGGGGGG.....GGGGGGGGGGGGGGGGGGGGGGGGGGGGGGGGGGGGGGGGGGGGGGGGGGGGGGGGGGGG.........GGGGGGGGGGGGGGGGG.......GGGGGGGGGGGGGGGGGGGGGGGGGGGG
...........k..$$.................k..$$$...........k.............GG.....GG.....GG.........k..............................k........GG...$$$...GG.....k.k......G..$$$..G....................GGGGGGG
...........k.....................k................k.............GG.....GG.....GG.........k...........$$$................k........GG..$...$..GG.....k.k......G.......G.....................GGGGGG
...........k.....................k................k.............GG.$$$.GG.....GG.........k..............................k........G...........G.......k......G.......G......................GGGGG
..................GGG............k........GG......k..............G.....G..............................GG................k........G..........6G..............G..$$$..G.......GGGGG...GGGG....GGGG
.................................k........k............6.........G.....G..............................k............GG.......................................G.......G..........6..............GG
..........................................k.........................................................6.k.....................................................G.......G....................F....GG
..............................6.......................................................................k..........$$$........................................G.6.....G.........................GG
...........................$$$..................................................6.GGG.................k.....................................................GGG...GGG.......GGGGG...GGGG....GGGG
..............................................................................GG...k....................................6..........GGGGGGGGG.................................k..............GGGG
..............................................................................GG...k...............................................G.........................................k..............GGGG
..............................................................................GG...................................................G........................................................GGGG
................................................................................................................................................................................................
................................................................................................................................................................................................
................................................................................................................................................................................................
; pipe=col:185,enter:right,to:2:3
; area
; world=overworld
GGGGGGGGGGGGGGGGGGGGGGGGGGGGGGGGGGG
GGGGGGGGGGGGGGGGGGGGGGGGGGGGGGGGGGG
...pqsssssssss....m...E..........m.
...PQ.ssssssss.....................
.......sssssss............H........
........ssssss.....................
.........sssss.............A.......
..........ssss.....................
...........sss.....................
............ss.....................
...................................
........................O..........
....O..............................
...................................
...................................
...................................
