; name=1-2
; next=assets/maps/lv1_2.map
; area
; world=overworld
GGGGGGGGGGGGGGGGGGGGGGGGGGGGGGGGGGGGGGGGGGGGGGGGGGGGGGGGGGGGGGGGGGGGGGGGGGGGGGGGGGGGGGGGGGGG....GGGGGGGGGG...GGGGGGGGGGGGGGGGGGGGGGGGGGGGGG...GGGGGGGGGG..GGGGGGGGGGGGGGGGGGGGGGGGGGGGGGGGGGGGGGGGGGGGGGGGGGGGGGGGGGG
GGGGGGGGGGGGGGGGGGGGGGGGGGGGGGGGGGGGGGGGGGGGGGGGGGGGGGGGGGGGGGGGGGGGGGGGGGGGGGGGGGGGGGGGGGGG....GGGGGGGGGG...GGGGGGGGGGGGGGGGGGGGGGGGGGGGGG...GGGGGGGGGG..GGGGGGGGGGGGGGGGGGGGGGGGGGGGGGGGGGGGGGGGGGGGGGGGGGGGGGGGGGG
........M......w0...sssss.....1...ss0.w.......pq....0.......0..w....0.....pq..1.......w.0..............pq.....0w...pq.....pq..pq..pq0.w..........1....0...s....w........0...1...pq....w.0.....ss........E............
...........T.........ssss.........ss....T.....pq...........T...........TT.pq............T..............pq..........PQ..TT.pq..pq..pq....T.................sT...........TT.......pq......T.....ss...........T.........
.H...........T.......Tsss.........s........T..pq.............T.......T....pq...............T...........pq....T.......T....pq..PQ..pq......................s..T.......T..........PQ.........T..ss............H........
...............###.....ss.........s...........PQ.....CCCCC..........#.....PQ...CCCC..CCC...............PQ.................PQ......pq.............................#........C.....8........##...ss.....................
..A.....................s.....................8...........................8.................2.........................2...........PQ..........................0...............................ss.............A.......
..............................................................................................................................................................................................ss.....................
..............................................................................................................................................................................................ss.....................
.............................###.....................CCCCC...........####........#####......####.............................####...................................#####...#.................ss.....................
..............................................................................................................................................................................................ss.....................
..................O...........O.................O.................O...........O.................O.................O...........O.................O.................O...........O...............ssO.................O..
...........................O.................O.............................O.................O.............................O.................O.............................O.................O.......................
.....................................................................................................................................................................................................................
.....................................................................................................................................................................................................................
.....................................................................................................................................................................................................................
; pipe=col:103,enter:down,to:1:2
; area
; world=underground
GGGGGGGGGGGGGGGGGGGG
GGGGGGGGGGGGGGGGGGGG
#...#######.........
#...#######..F......
#...#######....pq...
#...$$$$$$$....pq...
#..............pq...
#...$$$$$$$....pq...
#..............pq...
#....$$$$$.....pq...
#..............pq...
#..............pq...
#...#######....pq...
....................
....................
....................
; pipe=col:13,enter:right,to:0:115
