; name=4-2
; area
; world=castle
GGGGGGGGGGGGGGGGxxxxxxxxxxxxxxxxGGGGGGGGGGGGGGGGGGGGGGGGGGGGGGGGGGGGGGGGGGGGGGGGGGGG........GGGGGGGGGGGGGGGGGxxGGxxGGGGGGGGGGGGGxxxxxxxxxxxxxGGGGGGGGGGGGGGGGGGG
GGGGGGGGGGGGGGGGvvvvvvvvvvvvvvvvGGGGGGGGGGGrGGGGGGGGGGGrGGGGGGGGGGGrGGGGGGGGGGGGGGGG........GGGGGGGGGGGGGGGGGvvGGvvGGGGGGGGGGGGGvvvvvvvvvvvvvGGGGGGGGGGGGGGGGGGG
GGGGGGGGGGGGGGGG....b......b....GG..............................................GGGG........GGGGGGG...$$$...G..GG..GGGGG..GG..GG...b....b....GGG......R.E.......
GGGGGGGGGGGGGGGG................GG..............................................GGGG........GGGGGGG....r....G..GG..GGGGG..GG..GG.............GGG................
GGGGGGGGGGGGGGGG................GG..............................................GGGG..==.==.rGGGGGG.........G..GG..GGGGG..GG..GGcccccccccccccGGG................
GGGGG.............GG.......GG........GGGGGGGGGGGGrGGGGGGGGGGGrGGGGGGGGGGGr..............................................................7....GGG................
GGGG..................................................................................................$$$....................................X..................
GGG...................GrG.......................................................................................................................................
.M................................................................................r.......................................................==....................
..................................GGGGGGGGGGGGGGGGGGGGGrGGGGGGGGGGGGGGGGGGGGGGGGGGG.............................................######........GG................
GGGGGGGGGGGGGGGG..................GGGGGGGGGGGGGGGGGGGGGGGGGGGGGGGGGGGGGGGGGGGGGGGGG..........GGGGGG................GGGGGGGGGGGGG..............GG................
GGGGGGGGGGGGGGGG.......C..........GGGGGGGGGGGGGGGGGGGGGGGGGGGGGGGGGGGGGGGGGGGGGGGGG..........GGGGGG................GGGGGGGGGGGGG..............GG................
GGGGGGGGGGGGGGGG..................GGGGGGGGGGGGGGGGGGGGGGGGGGGGGGGGGGGGGGGGGGGGGGGGG..........GGGGGG................GGGGGGGGGGGGGGGGGGGGGGGGGGGGGGGGGGGGGGGGGGGGG
................................................................................................................................................................
................................................................................................................................................................
................................................................................................................................................................
; slider=col:86,axis:v,dist:128,speed:32
; slider=col:89,axis:v,dist:128,speed:32
; slider=col:138,axis:h,dist:64,speed:30
