; name=WORLD 2-4
; area
; world=castle
GGGGGGGGGGGGGGGGxxxxxxxxxxxxxxxxGGGGGGGGGGGGGGGGGGGGGGGGGGGGGGGGGGGGGGGGGGGGGGGGGGGG........GGGGGGGGGGGGGGGGGxxGGxxGGGGGGGGGGGGGxxxxxxxxxxxxxGGGGGGGGGGGGGGGGGGG
GGGGGGGGGGGGGGGGvvvvvvvvvvvvvvvvGGGGGGGGGGGsGGGGGGGGGGGsGGGGGGGGGGGsGGGGGGGGGGGGGGGG........GGGGGGGGGGGGGGGGGvvGGvvGGGGGGGGGGGGGvvvvvvvvvvvvvGGGGGGGGGGGGGGGGGGG
GGGGGGGGGGGGGGGG................GG..............................................GGGG........GGGGGGG...$$$...G..GG..GGGGG..GG..GG.............GGG................
GGGGGGGGGGGGGGGG................GG..............................................GGGG........GGGGGGG....s....G..GG..GGGGG..GG..GG.............GGG................
GGGGGGGGGGGGGGGG................GG..............................................GGGG..==.==.sGGGGGG.........G..GG..GGGGG..GG..GGGGGGGGGGGGGGGGGG................
GGGGG.............GG.......GG........GGGGGGGGGGGGsGGGGGGGGGGGsGGGGGGGGGGGs..............................................................7....GGG................
GGGG..................................................................................................$$$....................................E..................
GGG...................GsG.......................................................................................................................................
.M................................................................................s.......................................................==....................
..................................GGGGGGGGGGGGGGGGGGGGGsGGGGGGGGGGGGGGGGGGGGGGGGGGG.............................................######........GG................
GGGGGGGGGGGGGGGG..................GGGGGGGGGGGGGGGGGGGGGGGGGGGGGGGGGGGGGGGGGGGGGGGGG..........GGGGGG................GGGGGGGGGGGGG..............GG................
GGGGGGGGGGGGGGGG.......C..........GGGGGGGGGGGGGGGGGGGGGGGGGGGGGGGGGGGGGGGGGGGGGGGGG..........GGGGGG................GGGGGGGGGGGGG..............GG................
GGGGGGGGGGGGGGGG..................GGGGGGGGGGGGGGGGGGGGGGGGGGGGGGGGGGGGGGGGGGGGGGGGG..........GGGGGG................GGGGGGGGGGGGGGGGGGGGGGGGGGGGGGGGGGGGGGGGGGGGG
................................................................................................................................................................
................................................................................................................................................................
................................................................................................................................................................
; slider=col:86,axis:v,dist:128,speed:32
; slider=col:89,axis:v,dist:128,speed:32
; slider=col:138,axis:h,dist:64,speed:30
