; name=UNDERWATER TEST
; world=underwater
; next=assets/maps/test_castle.map
GGGGGGGGGGGGGGGGGGGGGGGGGGGGGG..GGGGGGGGGGGGGGGGGGGGGGGGGGGGGGGG
GGGGGGGGGGGGGGGGGGGGGGGGGGGGGG..GGGGGGGGGGGGGGGGGGGGGGGGGGGGGGGG
..M...sssk..m.......w...pq.......k.w..K.......m......w...k.....E
.......ssk..............PQ.......k$$$$$..................k......
........sk........T..........$..$k..........T............k......
.........s....#C#C#...........$$.k......##C##............k......
...............$.$...............k..............2...............
................................................................
................................................................
................................................................
................................................................
................................................................
....O.............................................O.............
...........................O....................................
................................................................
................................................................
