; name=CASTLE TEST
; world=castle
; slider=col:48,axis:h,dist:64,speed:30
; slider=col:57,axis:v,dist:96,speed:25
GGGGGGGGGGGGGGGGGGGGGGGGGGGGGGxxGGGGGGGGGGGGGGGGGGGGGGGGGGGGGGGG
GGGGGGGGGGGGGGGGGGGGGGGGGGGGGGvvGGGGGGGGGGGGGGGGGGGGGGGGGGGGGGGG
..M...ssss..m.......w...pq.........w..K.......m.==...w.........E
.......sss..............PQ........$$$$$.........................
........ss........T..........$..$...........T...................
.........s....#C#C#...........$$........##C##...................
...............$.$..............................2...............
................................................................
.........................................................==.....
................................................................
................................................................
................................................................
....O.............................................O.............
...........................O....................................
................................................................
................................................................
