; name=OVERWORLD TEST
; world=overworld
; next=assets/maps/test_underground.map
GGGGGGGGGGGGGGGGGGGGGGGGGGGGGG..GGGGGGGGGGGGGGGGGGGGGGGGGGGGGGGG
GGGGGGGGGGGGGGGGGGGGGGGGGGGGGG..GGGGGGGGGGGGGGGGGGGGGGGGGGGGGGGG
..M...ssss..m.......w...pq.........w..K.......m......w.........E
.......sss..............PQ........$$$$$.........................
........ss........T..........$..$...........T...................
.........s....#C#C#...........$$........##C##...................
...............$.$..............................2...............
................................................................
................................................................
................................................................
................................................................
................................................................
....O.............................................O.............
...........................O....................................
................................................................
................................................................
